Collecting build==1.2.2.post1 (from -r requirements.lock (line 7))
  Using cached build-1.2.2.post1-py3-none-any.whl (22 kB)
Collecting click==8.5.0 (from -r requirements.lock (line 13))
  Using cached click-8.5.0-py3-none-any.whl (125 kB)
Collecting contourpy==1.4.0 (from -r requirements.lock (line 17))
  Using cached contourpy-1.4.0-cp312-cp312-macosx_11_0_arm64.whl (284 kB)
Collecting cycler==0.12.1 (from -r requirements.lock (line 89))
  Using cached cycler-0.12.1-py3-none-any.whl (8.3 kB)
Collecting fonttools==4.65.0 (from -r requirements.lock (line 93))
  Using cached fonttools-4.65.0-cp312-cp312-macosx_10_13_universal2.whl (3.1 MB)
Collecting h5py==3.13.0 (from -r requirements.lock (line 161))
  Using cached h5py-3.13.0-cp312-cp312-macosx_11_0_arm64.whl (2.9 MB)
Collecting iniconfig==2.3.0 (from -r requirements.lock (line 189))
  Using cached iniconfig-2.3.0-py3-none-any.whl (7.5 kB)
Collecting kiwisolver==1.5.1 (from -r requirements.lock (line 193))
  Using cached kiwisolver-1.5.1-cp312-cp312-macosx_11_0_arm64.whl (64 kB)
Collecting matplotlib==3.10.3 (from -r requirements.lock (line 336))
  Using cached matplotlib-3.10.3-cp312-cp312-macosx_11_0_arm64.whl (8.1 MB)
Collecting mypy==1.15.0 (from -r requirements.lock (line 372))
  Using cached mypy-1.15.0-cp312-cp312-macosx_11_0_arm64.whl (9.7 MB)
Collecting mypy-extensions==1.1.0 (from -r requirements.lock (line 406))
  Using cached mypy_extensions-1.1.0-py3-none-any.whl (5.0 kB)
Collecting numpy==2.2.6 (from -r requirements.lock (line 410))
  Using cached numpy-2.2.6-cp312-cp312-macosx_14_0_arm64.whl (5.1 MB)
Collecting packaging==26.3 (from -r requirements.lock (line 472))
  Using cached packaging-26.3-py3-none-any.whl (129 kB)
Collecting pillow==12.3.0 (from -r requirements.lock (line 479))
  Using cached pillow-12.3.0-cp312-cp312-macosx_11_0_arm64.whl (4.8 MB)
Collecting pip-tools==7.4.1 (from -r requirements.lock (line 568))
  Using cached pip_tools-7.4.1-py3-none-any.whl (61 kB)
Collecting pluggy==1.6.0 (from -r requirements.lock (line 572))
  Using cached pluggy-1.6.0-py3-none-any.whl (20 kB)
Collecting pyparsing==3.3.3 (from -r requirements.lock (line 576))
  Using cached pyparsing-3.3.3-py3-none-any.whl (126 kB)
Collecting pyproject-hooks==1.3.3 (from -r requirements.lock (line 580))
  Using cached pyproject_hooks-1.3.3-py3-none-any.whl (10 kB)
Collecting pytest==8.3.5 (from -r requirements.lock (line 586))
  Using cached pytest-8.3.5-py3-none-any.whl (343 kB)
Collecting python-dateutil==2.9.0.post0 (from -r requirements.lock (line 590))
  Using cached python_dateutil-2.9.0.post0-py2.py3-none-any.whl (229 kB)
Collecting ruff==0.11.13 (from -r requirements.lock (line 594))
  Using cached ruff-0.11.13-py3-none-macosx_11_0_arm64.whl (10.4 MB)
Collecting scipy==1.15.3 (from -r requirements.lock (line 614))
  Using cached scipy-1.15.3-cp312-cp312-macosx_14_0_arm64.whl (22.4 MB)
Collecting six==1.17.0 (from -r requirements.lock (line 662))
  Using cached six-1.17.0-py2.py3-none-any.whl (11 kB)
Collecting threadpoolctl==3.6.0 (from -r requirements.lock (line 666))
  Using cached threadpoolctl-3.6.0-py3-none-any.whl (18 kB)
Collecting typing-extensions==4.16.0 (from -r requirements.lock (line 670))
  Using cached typing_extensions-4.16.0-py3-none-any.whl (45 kB)
Collecting wheel==0.45.1 (from -r requirements.lock (line 674))
  Using cached wheel-0.45.1-py3-none-any.whl (72 kB)
Requirement already satisfied: pip==24.0 in ./.venv/lib/python3.12/site-packages (from -r requirements.lock (line 682)) (24.0)
Collecting setuptools==80.9.0 (from -r requirements.lock (line 688))
  Using cached setuptools-80.9.0-py3-none-any.whl (1.2 MB)
Installing collected packages: wheel, typing-extensions, threadpoolctl, six, setuptools, ruff, pyproject-hooks, pyparsing, pluggy, pillow, packaging, numpy, mypy-extensions, kiwisolver, iniconfig, fonttools, cycler, click, scipy, python-dateutil, pytest, mypy, h5py, contourpy, build, pip-tools, matplotlib
Successfully installed build-1.2.2.post1 click-8.5.0 contourpy-1.4.0 cycler-0.12.1 fonttools-4.65.0 h5py-3.13.0 iniconfig-2.3.0 kiwisolver-1.5.1 matplotlib-3.10.3 mypy-1.15.0 mypy-extensions-1.1.0 numpy-2.2.6 packaging-26.3 pillow-12.3.0 pip-tools-7.4.1 pluggy-1.6.0 pyparsing-3.3.3 pyproject-hooks-1.3.3 pytest-8.3.5 python-dateutil-2.9.0.post0 ruff-0.11.13 scipy-1.15.3 setuptools-80.9.0 six-1.17.0 threadpoolctl-3.6.0 typing-extensions-4.16.0 wheel-0.45.1
